// Jest Snapshot v1, https://goo.gl/fbAQLP

exports[`<Login /> renders without crashing 1`] = `
<DocumentFragment>
  <img
    alt="Titus logo"
    class="login-logo"
    src="img/Accel_Logo_Titus.svg"
  />
  <form
    novalidate=""
  >
    <header />
    <label
      for="username"
    >
      Username:
    </label>
    <input
      name="username"
      placeholder="Username"
      required=""
      type="text"
      value=""
    />
    <label
      for="password"
    >
      Password:
    </label>
    <input
      name="password"
      placeholder="Password"
      required=""
      type="password"
      value=""
    />
    <button
      class="button"
      type="submit"
    >
      Login
    </button>
    <sub />
  </form>
</DocumentFragment>
`;
