// Jest Snapshot v1, https://goo.gl/fbAQLP

exports[`<Form /> should render correctly authentication and login return true 1`] = `
<DocumentFragment>
  <button
    class="button"
  >
    Login through Auth0
  </button>
</DocumentFragment>
`;

exports[`<Form /> should render correctly when authentication and login return false 1`] = `
<DocumentFragment>
  <button
    class="button"
  >
    Login through Auth0
  </button>
</DocumentFragment>
`;

exports[`<Form /> should render correctly when authentication returns true and login returns false 1`] = `
<DocumentFragment>
  <button
    class="button"
  >
    Login through Auth0
  </button>
</DocumentFragment>
`;

exports[`<Form /> should trigger button correctly 1`] = `
<DocumentFragment>
  <button
    class="button"
  >
    Login through Auth0
  </button>
</DocumentFragment>
`;
