// Jest Snapshot v1, https://goo.gl/fbAQLP

exports[`<App /> should render correctly when path is / and is not authenticated 1`] = `
<DocumentFragment>
  <div
    class="container"
  >
    <div
      class="loader"
    />
  </div>
</DocumentFragment>
`;

exports[`<App /> should render correctly when path is /login and is authenticated 1`] = `
<DocumentFragment>
  <div
    class="container"
  >
    <svg
      alt="Titus logo"
      class="login-logo"
    >
      Accel_Logo_Titus.svg
    </svg>
    <form
      novalidate=""
    >
      <header>
        Note: Any username followed by a password with at least four characters containing at least one letter and number will work.
      </header>
      <input
        aria-label="Username:"
        id="username"
        name="username"
        placeholder="Username"
        required=""
        type="text"
        value=""
      />
      <input
        aria-label="Password:"
        id="password"
        name="password"
        placeholder="Password"
        required=""
        type="password"
        value=""
      />
      <button
        class="button"
        type="submit"
      >
        Login
      </button>
      <sub />
    </form>
  </div>
</DocumentFragment>
`;

exports[`<App /> should render correctly when path is /login and is not authenticated 1`] = `
<DocumentFragment>
  <div
    class="container"
  >
    <svg
      alt="Titus logo"
      class="login-logo"
    >
      Accel_Logo_Titus.svg
    </svg>
    <form
      novalidate=""
    >
      <header>
        Note: Any username followed by a password with at least four characters containing at least one letter and number will work.
      </header>
      <input
        aria-label="Username:"
        id="username"
        name="username"
        placeholder="Username"
        required=""
        type="text"
        value=""
      />
      <input
        aria-label="Password:"
        id="password"
        name="password"
        placeholder="Password"
        required=""
        type="password"
        value=""
      />
      <button
        class="button"
        type="submit"
      >
        Login
      </button>
      <sub />
    </form>
  </div>
</DocumentFragment>
`;
