// Jest Snapshot v1, https://goo.gl/fbAQLP

exports[`<Dashboard /> should render correctly 1`] = `
<DocumentFragment>
  <div
    class="container"
  >
    <button
      class="logout button"
    >
      LOGOUT
    </button>
    <img
      alt="Titus logo"
      src="img/Accel_Logo_Titus.svg"
      style="width: 100%; height: 100%; margin-bottom: 10vh; margin-top: 10vh;"
    />
    <p>
      Develop and Deploy to features quickly using Titus, an Accelerated Development & Deployment Stack. Titus is production ready and can be deployed to all major cloud providers.
    </p>
    <a
      href="https://nf-titus.netlify.com/"
      rel="noopener noreferrer"
      target="_blank"
    >
      Check out the docs
    </a>
  </div>
</DocumentFragment>
`;

exports[`<Dashboard /> should trigger button correctly 1`] = `
<DocumentFragment>
  <div
    class="container"
  >
    <button
      class="logout button"
    >
      LOGOUT
    </button>
    <img
      alt="Titus logo"
      src="img/Accel_Logo_Titus.svg"
      style="width: 100%; height: 100%; margin-bottom: 10vh; margin-top: 10vh;"
    />
    <p>
      Develop and Deploy to features quickly using Titus, an Accelerated Development & Deployment Stack. Titus is production ready and can be deployed to all major cloud providers.
    </p>
    <a
      href="https://nf-titus.netlify.com/"
      rel="noopener noreferrer"
      target="_blank"
    >
      Check out the docs
    </a>
  </div>
</DocumentFragment>
`;

exports[`<Dashboard /> should trigger href correctly 1`] = `
<DocumentFragment>
  <div
    class="container"
  >
    <button
      class="logout button"
    >
      LOGOUT
    </button>
    <img
      alt="Titus logo"
      src="img/Accel_Logo_Titus.svg"
      style="width: 100%; height: 100%; margin-bottom: 10vh; margin-top: 10vh;"
    />
    <p>
      Develop and Deploy to features quickly using Titus, an Accelerated Development & Deployment Stack. Titus is production ready and can be deployed to all major cloud providers.
    </p>
    <a
      href="https://nf-titus.netlify.com/"
      rel="noopener noreferrer"
      target="_blank"
    >
      Check out the docs
    </a>
  </div>
</DocumentFragment>
`;
