// Jest Snapshot v1, https://goo.gl/fbAQLP

exports[`<DashboardContainer /> renders without crashing 1`] = `
<DocumentFragment>
  <label
    class="hidden"
    for="language"
  >
    language:
  </label>
  <select
    class="language-selector"
    id="language"
  >
    <option
      value="en"
    >
      English 🇬🇧
    </option>
    <option
      value="ro"
    >
      Românā 🇷🇴
    </option>
    <option
      value="pt"
    >
      Português 🇵🇹
    </option>
  </select>
  <button
    class="logout button"
  >
    logout
  </button>
  <img
    alt="Titus logo"
    class="login-logo"
    src="img/Accel_Logo_Titus.svg"
  />
  <p>
    description
  </p>
  <a
    href="https://nf-titus.netlify.com/"
    rel="noopener noreferrer"
    target="_blank"
  >
    docs
  </a>
</DocumentFragment>
`;
